2026-07-30 05:41:04 [Node] DEBUG in Node.py:42: Node start shutdown
2026-07-30 05:41:04 [Node] DEBUG in Node.py:39: Node shutdown!
2026-07-30 06:40:51 [Node] DEBUG in Node.py:65: Modules loaded!
2026-07-30 06:41:11 [Node] DEBUG in Node.py:65: Modules loaded!
2026-07-30 06:41:34 [Node] DEBUG in Node.py:65: Modules loaded!
2026-07-30 06:41:43 [Node] DEBUG in Node.py:42: Node start shutdown
2026-07-30 06:41:43 [Node] DEBUG in Node.py:39: Node shutdown!
2026-07-30 06:42:56 [Node] DEBUG in Node.py:42: Node start shutdown
2026-07-30 06:42:56 [Node] DEBUG in Node.py:39: Node shutdown!
2026-07-30 07:03:23 [Node] DEBUG in User.py:18: Starting user
2026-07-30 07:03:46 [Node] DEBUG in User.py:18: Starting user
2026-07-30 07:07:18 [Node] DEBUG in User.py:18: Starting user
2026-07-30 07:07:19 [Node] INFO in Node.py:38: Start больше не выполняется :|
2026-07-30 07:07:19 [Node] DEBUG in Node.py:42: Node shutdown!
2026-07-30 07:12:31 [Node] DEBUG in User.py:18: Starting user
2026-07-30 07:12:33 [Node] DEBUG in Node.py:45: Node start shutdown
2026-07-30 07:12:33 [Node] DEBUG in Node.py:42: Node shutdown!
2026-07-30 07:12:49 [Node] DEBUG in User.py:18: Starting user
2026-07-30 07:12:50 [Node] DEBUG in Node.py:45: Node start shutdown
2026-07-30 07:12:50 [Node] DEBUG in Node.py:42: Node shutdown!
2026-07-30 07:12:56 [Node] DEBUG in Node.py:45: Node start shutdown
2026-07-30 07:12:59 [Node] DEBUG in Node.py:45: Node start shutdown
2026-07-30 07:13:00 [Node] DEBUG in Node.py:45: Node start shutdown
2026-07-30 07:13:00 [Node] DEBUG in Node.py:45: Node start shutdown
2026-07-30 07:13:00 [Node] DEBUG in Node.py:45: Node start shutdown
2026-07-30 07:13:00 [Node] DEBUG in Node.py:45: Node start shutdown
2026-07-30 07:13:01 [Node] DEBUG in Node.py:45: Node start shutdown
2026-07-30 07:14:48 [Node] DEBUG in Node.py:45: Node start shutdown
2026-07-30 07:14:48 [Node] DEBUG in Node.py:45: Node start shutdown
2026-07-30 07:14:48 [Node] DEBUG in Node.py:45: Node start shutdown
2026-07-30 07:14:49 [Node] DEBUG in Node.py:45: Node start shutdown
2026-07-30 07:14:49 [Node] DEBUG in Node.py:45: Node start shutdown
2026-07-30 07:14:49 [Node] DEBUG in Node.py:45: Node start shutdown
2026-07-30 07:14:49 [Node] DEBUG in Node.py:45: Node start shutdown
2026-07-30 07:15:17 [Node] DEBUG in Node.py:45: Node start shutdown
2026-07-30 07:15:56 [Node] DEBUG in User.py:18: Starting user
2026-07-30 07:15:58 [Node] DEBUG in Node.py:45: Node start shutdown
2026-07-30 07:15:58 [Node] DEBUG in Node.py:42: Node shutdown!
2026-07-30 07:15:59 [Node] DEBUG in User.py:18: Starting user
2026-07-30 07:16:00 [Node] DEBUG in Node.py:45: Node start shutdown
2026-07-30 07:16:00 [Node] DEBUG in Node.py:42: Node shutdown!
2026-07-30 07:16:26 [Node] DEBUG in User.py:18: Starting user
2026-07-30 07:17:53 [Node] DEBUG in Node.py:45: Node start shutdown
2026-07-30 07:17:53 [Node] DEBUG in Node.py:42: Node shutdown!
2026-07-30 07:18:09 [Node] DEBUG in Node.py:33: False
2026-07-30 07:18:09 [Node] DEBUG in User.py:18: Starting user
2026-07-30 07:18:37 [Node] DEBUG in Node.py:46: Node start shutdown
2026-07-30 07:18:37 [Node] DEBUG in Node.py:43: Node shutdown!
2026-07-30 07:18:38 [Node] DEBUG in Node.py:33: False
2026-07-30 07:18:38 [Node] DEBUG in User.py:18: Starting user
2026-07-30 07:18:55 [Node] DEBUG in Node.py:46: Node start shutdown
2026-07-30 07:18:55 [Node] DEBUG in Node.py:43: Node shutdown!
2026-07-30 07:18:56 [Node] DEBUG in Node.py:33: False
2026-07-30 07:19:18 [Node] DEBUG in Node.py:46: Node start shutdown
2026-07-30 07:19:18 [Node] DEBUG in Node.py:43: Node shutdown!
2026-07-30 07:19:19 [Node] DEBUG in Node.py:33: False
2026-07-30 07:19:19 [Node] DEBUG in User.py:18: Starting user
2026-07-30 07:20:25 [Node] DEBUG in Node.py:46: Node start shutdown
2026-07-30 07:20:25 [Node] DEBUG in Node.py:43: Node shutdown!
2026-07-30 07:20:27 [Node] DEBUG in Node.py:33: False
2026-07-30 07:20:27 [Node] DEBUG in User.py:18: Starting user
2026-07-30 07:20:27 [Node] DEBUG in Node.py:77: user not found
2026-07-30 07:21:10 [Node] DEBUG in Node.py:46: Node start shutdown
2026-07-30 07:21:10 [Node] DEBUG in Node.py:43: Node shutdown!
2026-07-30 07:21:10 [Node] DEBUG in Node.py:33: False
2026-07-30 07:21:10 [Node] DEBUG in User.py:18: Starting user
2026-07-30 07:21:10 [Node] DEBUG in Node.py:77: user not found
2026-07-30 07:21:26 [Node] DEBUG in Node.py:46: Node start shutdown
2026-07-30 07:21:26 [Node] DEBUG in Node.py:43: Node shutdown!
2026-07-30 07:22:14 [Node] DEBUG in Node.py:33: False
2026-07-30 07:22:14 [Node] DEBUG in User.py:18: Starting user
2026-07-30 07:22:14 [Node] DEBUG in Node.py:77: user not found
2026-07-30 07:22:14 [Node] DEBUG in Node.py:83: User created:True
2026-07-30 07:22:14 [Node] DEBUG in Node.py:69: Modules loaded!
2026-07-30 07:24:54 [Node] DEBUG in Node.py:46: Node start shutdown
2026-07-30 07:24:54 [Node] DEBUG in Node.py:43: Node shutdown!
2026-07-30 07:25:22 [Node] DEBUG in Node.py:33: False
2026-07-30 07:25:22 [Node] DEBUG in User.py:18: Starting user
2026-07-30 07:25:22 [Node] DEBUG in Node.py:77: user not found
2026-07-30 07:25:22 [Node] DEBUG in Node.py:83: User created:True
2026-07-30 07:25:22 [Node] DEBUG in Node.py:69: Modules loaded!
2026-07-30 07:25:35 [Node] DEBUG in Node.py:46: Node start shutdown
2026-07-30 07:25:35 [Node] DEBUG in Node.py:43: Node shutdown!
2026-07-30 07:26:09 [Node] DEBUG in Node.py:33: False
2026-07-30 07:26:09 [Node] DEBUG in User.py:18: Starting user
2026-07-30 07:26:09 [Node] DEBUG in Node.py:77: user not found
2026-07-30 07:26:09 [Node] DEBUG in Node.py:83: User created:True
2026-07-30 07:26:09 [Node] DEBUG in Node.py:69: Modules loaded!
2026-07-30 07:26:21 [Node] DEBUG in Node.py:46: Node start shutdown
2026-07-30 07:26:21 [Node] DEBUG in Node.py:43: Node shutdown!
2026-07-30 07:27:56 [Node] DEBUG in Node.py:33: False
2026-07-30 07:27:56 [Node] DEBUG in User.py:18: Starting user
2026-07-30 07:27:56 [Node] DEBUG in Node.py:77: user not found
2026-07-30 07:27:56 [Node] DEBUG in Node.py:83: User created:True
2026-07-30 07:27:56 [Node] DEBUG in Node.py:69: Modules loaded!
2026-07-30 07:27:56 [Node] INFO in Node.py:39: Start больше не выполняется :\, скорее всего кто то не вызвал request_shutdown в конце выполнения, или не обраотал какую то ошибку.
2026-07-30 07:27:56 [Node] DEBUG in Node.py:43: Node shutdown!
2026-07-30 07:41:24 [Node] DEBUG in Node.py:33: False
2026-07-30 07:41:24 [Node] DEBUG in User.py:18: Starting user
2026-07-30 07:41:24 [Node] DEBUG in Node.py:77: user not found
2026-07-30 07:41:24 [Node] DEBUG in Node.py:83: User created:True
2026-07-30 07:41:24 [Node] DEBUG in Node.py:69: Modules loaded!
2026-07-30 07:41:24 [Node] INFO in Node.py:39: Start больше не выполняется :\, скорее всего кто то не вызвал request_shutdown в конце выполнения, или не обраотал какую то ошибку.
2026-07-30 07:41:24 [Node] DEBUG in Node.py:43: Node shutdown!
